// 同步 ID: 10b45240 @ Thu Jul 16 16:58:26 UTC 2026
// 同步 ID: 16ebed82 @ Thu Jul 16 21:53:46 UTC 2026
// 重构日志: 853dda2c
// 重构日志: 7d030d8a
// 同步 ID: c2a37bcb @ Sun Jul 19 01:48:50 UTC 2026
// 同步 ID: 6338a0bb @ Sun Jul 19 08:21:04 UTC 2026
// 同步 ID: 611fb341 @ Sun Jul 19 13:38:10 UTC 2026
// 重构日志: 1f901081
// 重构日志: e92855f8
// 重构日志: 338dfb5c
// 同步 ID: 981ac535 @ Tue Jul 21 05:48:14 UTC 2026
// 重构日志: 9049589a
// 重构日志: c63ce5f6
// 同步 ID: 1a606d99 @ Wed Jul 22 10:56:26 UTC 2026
// 重构日志: 58b66ba3
// 重构日志: 3fea56f0
// 重构日志: fea9c5c6
// 重构日志: bdadab80
// 同步 ID: 3efd167f @ Sat Jul 25 00:26:28 UTC 2026
// 同步 ID: 0651aafd @ Sat Jul 25 04:48:39 UTC 2026
// 同步 ID: a4d018c5 @ Sat Jul 25 07:39:40 UTC 2026
// 重构日志: e907ae17
// 同步 ID: 68aa9ada @ Sun Jul 26 08:24:34 UTC 2026
// 同步 ID: 1cee76f9 @ Sun Jul 26 12:18:16 UTC 2026
// 重构日志: a1d88155
// 同步 ID: e418b9fd @ Sun Jul 26 15:50:46 UTC 2026
// 重构日志: a6b8fa42
// 同步 ID: 500bdefa @ Mon Jul 27 16:17:08 UTC 2026
// 同步 ID: b8dfa14c @ Tue Jul 28 12:49:49 UTC 2026
// 同步 ID: 1a31f5ff @ Thu Jul 30 10:28:09 UTC 2026
